// Jest Snapshot v1, https://goo.gl/fbAQLP

exports[`Quote component renders Quote 1`] = `
<section
  className="Quote"
>
  <h4 />
  <p />
  <img
    src=""
  />
</section>
`;
